[www.branah.com/assamese.html]
[backblue.gif]
[fade.gif]
[index.html]
[www.branah.com/images/profile.gif]
[www.branah.com/apple-touch-icon.png]
[www.branah.com/images/branahmobile.jpg]
[www.branah.com/images/branahtab.jpg]
[www.branah.com/images/branah.jpg]
[pagead2.googlesyndication.com/pagead/js/f.txt]
[www.branah.com/index.html]
[www.branah.com/comments5dc0.html]
[www.branah.com/help.html]
[www.branah.com/contact.html]
[www.branah.com/terms-of-use.html]
[www.branah.com/privacy-policy.html]
[www.branah.com/how-we-use-cookies.html]
[www.branah.com/assamese.html]
[www.branah.com/akan.html]
[www.branah.com/albanian.html]
[www.branah.com/amharic.html]
[www.branah.com/arabic.html]
[www.branah.com/armenian.html]
[www.branah.com/azerbaijani.html]
[www.branah.com/bambara.html]
[www.branah.com/bangla.html]
[www.branah.com/bashkir.html]
[www.branah.com/belarusian.html]
[www.branah.com/bhutanese.html]
[www.branah.com/bosnian.html]
[www.branah.com/buginese.html]
[www.branah.com/bulgarian.html]
[www.branah.com/cantonese.html]
[www.branah.com/cherokee.html]
[www.branah.com/chinese.html]
[www.branah.com/coptic.html]
[www.branah.com/croatian.html]
[www.branah.com/czech.html]
[www.branah.com/danish.html]
[www.branah.com/dhivehi.html]
[www.branah.com/dutch.html]
[www.branah.com/english.html]
[www.branah.com/esperanto.html]
[www.branah.com/estonian.html]
[www.branah.com/farsi.html]
[www.branah.com/finnish.html]
[www.branah.com/french.html]
[www.branah.com/fula.html]
[www.branah.com/georgian.html]
[www.branah.com/german.html]
[www.branah.com/greek.html]
[www.branah.com/gujarati.html]
[www.branah.com/hausa.html]
[www.branah.com/hebrew.html]
[www.branah.com/hindi.html]
[www.branah.com/hungarian.html]
[www.branah.com/icelandic.html]
[www.branah.com/igbo.html]
[www.branah.com/irish.html]
[www.branah.com/italian.html]
[www.branah.com/japanese.html]
[www.branah.com/javanese.html]
[www.branah.com/kannada.html]
[www.branah.com/kazakh.html]
[www.branah.com/khmer.html]
[www.branah.com/khowar.html]
[www.branah.com/korean.html]
[www.branah.com/kurdish.html]
[www.branah.com/kyrgyz.html]
[www.branah.com/lao.html]
[www.branah.com/latvian.html]
[www.branah.com/lisu.html]
[www.branah.com/lithuanian.html]
[www.branah.com/macedonian.html]
[www.branah.com/malayalam.html]
[www.branah.com/maltese.html]
[www.branah.com/marathi.html]
[www.branah.com/mongolian.html]
[www.branah.com/mossi.html]
[www.branah.com/myanmar.html]
[www.branah.com/nepali.html]
[www.branah.com/norwegian.html]
[www.branah.com/oriya.html]
[www.branah.com/pashto.html]
[www.branah.com/polish.html]
[www.branah.com/portuguese.html]
[www.branah.com/punjabi.html]
[www.branah.com/romanian.html]
[www.branah.com/russian.html]
[www.branah.com/santali.html]
[www.branah.com/sindhi.html]
[www.branah.com/sinhala.html]
[www.branah.com/slovak.html]
[www.branah.com/slovenian.html]
[www.branah.com/sora.html]
[www.branah.com/spanish.html]
[www.branah.com/sundanese.html]
[www.branah.com/swedish.html]
[www.branah.com/syriac.html]
[www.branah.com/tagalog.html]
[www.branah.com/tajik.html]
[www.branah.com/tamazight.html]
[www.branah.com/tamil.html]
[www.branah.com/tatar.html]
[www.branah.com/telugu.html]
[www.branah.com/thai.html]
[www.branah.com/tibetan.html]
[www.branah.com/turkish.html]
[www.branah.com/ukrainian.html]
[www.branah.com/urdu.html]
[www.branah.com/uyghur.html]
[www.branah.com/uzbek.html]
[www.branah.com/vietnamese.html]
[www.branah.com/wolof.html]
[www.branah.com/yoruba.html]
[www.branah.com/comments2a3b.html]
[www.branah.com/image-to-text.html]
[www.branah.com/braille-translator.html]
[www.branah.com/unicode-table.html]
[www.branah.com/ascii-converter.html]
[www.branah.com/unicode-converter.html]
[www.branah.com/character-encoding.html]
[www.branah.com/text-to-image.html]
[www.branah.com/upsidedown.html]
[www.branah.com/index.html]
[www.branah.com/enclosed.html]
[www.branah.com/comments.html]
[connect.facebook.net/en_US/sdk.js]
[www.branah.com/comments5dc0.html]
[www.branah.com/help.html]
[www.branah.com/contact.html]
[www.branah.com/terms-of-use.html]
[www.branah.com/privacy-policy.html]
[www.branah.com/how-we-use-cookies.html]
[www.branah.com/OPR/index.html]
[www.branah.com/comments2eb5.html]
[www.branah.com/akan.html]
[www.branah.com/commentsd53b.html]
[www.branah.com/albanian.html]
[www.branah.com/images/amharic.png]
[www.branah.com/commentsc61c.html]
[www.branah.com/signed.mobileconfig]
[www.branah.com/ethiopic.zip]
[www.branah.com/amharic.html]
[www.branah.com/images/arabic.png]
[www.branah.com/commentsfe2f.html]
[www.branah.com/arabic-to-latin.html]
[www.branah.com/arabic.html]
[www.branah.com/images/armenian.png]
[www.branah.com/comments8253.html]
[www.branah.com/armenian.html]
[www.branah.com/comments2566.html]
[www.branah.com/azerbaijani.html]
[www.branah.com/commentsce89.html]
[www.branah.com/bambara.html]
[www.branah.com/images/bangla.png]
[www.branah.com/comments7e95.html]
[www.branah.com/bangla.html]
[www.branah.com/comments0a20.html]
[www.branah.com/bashkir.html]
[www.branah.com/comments81d0.html]
[www.branah.com/belarusian.html]
[www.branah.com/comments015d.html]
[www.branah.com/bhutanese.html]
[www.branah.com/comments0d3a.html]
[www.branah.com/bosnian.html]
[www.branah.com/comments7d40.html]
[www.branah.com/buginese.html]
[www.branah.com/comments62a6.html]
[www.branah.com/cyrillic-to-latin.html]
[www.branah.com/bulgarian.html]
[www.branah.com/images/cantonese.png]
[www.branah.com/comments0eef.html]
[www.branah.com/cantonese-to-jyutping.html]
[www.branah.com/cantonese.html]
[www.branah.com/xml/cantonese.xml]
[www.branah.com/comments2c84.html]
[www.branah.com/cherokee.html]
[www.branah.com/images/chinese.png]
[www.branah.com/comments8e08.html]
[www.branah.com/chinese-to-pinyin.html]
[www.branah.com/xml/chinesepinyins.xml]
[www.branah.com/xml/chinesepinyint.xml]
[www.branah.com/xml/chinesecangjies.xml]
[www.branah.com/chinese.html]
[www.branah.com/xml/chinesecangjiet.xml]
[www.branah.com/commentsc292.html]
[www.branah.com/coptic.html]
[www.branah.com/images/croatian.png]
[www.branah.com/comments715a.html]
[www.branah.com/croatian.html]
[www.branah.com/images/czech.png]
[www.branah.com/comments6e84.html]
[www.branah.com/czech.html]
[www.branah.com/commentsda57.html]
[www.branah.com/danish.html]
[www.branah.com/images/dhivehi.png]
[www.branah.com/comments4fa7.html]
[www.branah.com/dhivehi.html]
[www.branah.com/images/dutch.png]
[www.branah.com/comments56a3.html]
[www.branah.com/dutch.html]
[www.branah.com/comments0977.html]
[www.branah.com/english.html]
[www.branah.com/commentsa4ff.html]
[www.branah.com/esperanto.html]
[www.branah.com/comments019a.html]
[www.branah.com/estonian.html]
[www.branah.com/images/farsi.png]
[www.branah.com/comments24f6.html]
[www.branah.com/farsi.html]
[www.branah.com/images/finnish.png]
[www.branah.com/comments16c3.html]
[www.branah.com/finnish.html]
[www.branah.com/images/french.png]
[www.branah.com/comments8a2e.html]
[www.branah.com/french.html]
[www.branah.com/comments379c.html]
[www.branah.com/fula.html]
[www.branah.com/images/georgian.png]
[www.branah.com/comments0a42.html]
[www.branah.com/georgian.html]
[www.branah.com/images/german.png]
[www.branah.com/commentsd71c.html]
[www.branah.com/german.html]
[www.branah.com/images/greek.png]
[www.branah.com/comments2af6.html]
[www.branah.com/greek.html]
[www.branah.com/images/gujarati.png]
[www.branah.com/comments55ae.html]
[www.branah.com/gujarati.html]
[www.branah.com/comments3e7e.html]
[www.branah.com/hausa.html]
[www.branah.com/images/hebrew.png]
[www.branah.com/comments86b0.html]
[www.branah.com/hebrew.html]
[www.branah.com/images/hindi.png]
[www.branah.com/comments9577.html]
[www.branah.com/devanagari-to-latin.html]
[www.branah.com/hindi.html]
[www.branah.com/commentsefba.html]
[www.branah.com/hungarian.html]
[www.branah.com/comments05fd.html]
[www.branah.com/icelandic.html]
[www.branah.com/commentse6bd.html]
[www.branah.com/igbo.html]
[www.branah.com/commentsa2bc.html]
[www.branah.com/irish.html]
[www.branah.com/images/italian.png]
[www.branah.com/commentsfc15.html]
[www.branah.com/italian.html]
[www.branah.com/images/japanese.png]
[www.branah.com/commentsb915.html]
[www.branah.com/kanji-to-romaji.html]
[www.branah.com/japanese.html]
[www.branah.com/xml/kjapaneset.xml]
[www.branah.com/comments2475.html]
[www.branah.com/javanese.html]
[www.branah.com/images/kannada.png]
[www.branah.com/comments0314.html]
[www.branah.com/kannada.html]
[www.branah.com/images/kazakh.png]
[www.branah.com/comments0ad4.html]
[www.branah.com/kazakh.html]
[www.branah.com/images/khmer.png]
[www.branah.com/commentsfb6a.html]
[www.branah.com/khmer.html]
[www.branah.com/comments946e.html]
[www.branah.com/khowar.html]
[www.branah.com/images/korean.png]
[www.branah.com/comments970f.html]
[www.branah.com/hanja-to-hangeul.html]
[www.branah.com/korean-to-latin.html]
[www.branah.com/korean.html]
[www.branah.com/xml/koreanyale.xml]
[www.branah.com/images/kurdish.png]
[www.branah.com/commentsfbab.html]
[www.branah.com/kurdish.html]
[www.branah.com/comments08de.html]
[www.branah.com/kyrgyz.html]
[www.branah.com/images/lao.png]
[www.branah.com/comments8e15.html]
[www.branah.com/lao.html]
[www.branah.com/images/latvian.png]
[www.branah.com/comments999c.html]
[www.branah.com/latvian.html]
[www.branah.com/commentscae6.html]
[www.branah.com/lisu.html]
[www.branah.com/images/lithuanian.png]
[www.branah.com/commentsb09e.html]
[www.branah.com/lithuanian.html]
[www.branah.com/commentsfb7b.html]
[www.branah.com/macedonian.html]
[www.branah.com/images/malayalam.png]
[www.branah.com/comments8d75.html]
[www.branah.com/malayalam.html]
[www.branah.com/comments0b42.html]
[www.branah.com/maltese.html]
[www.branah.com/images/marathi.png]
[www.branah.com/commentscac2.html]
[www.branah.com/marathi.html]
[www.branah.com/commentsd85e.html]
[www.branah.com/mongolian.html]
[www.branah.com/comments6699.html]
[www.branah.com/mossi.html]
[www.branah.com/comments3be9.html]
[www.branah.com/myanmar.html]
[www.branah.com/images/nepali.png]
[www.branah.com/commentse2a1.html]
[www.branah.com/nepali.html]
[www.branah.com/commentsf6c5.html]
[www.branah.com/norwegian.html]
[www.branah.com/images/oriya.png]
[www.branah.com/commentsa893.html]
[www.branah.com/oriya.html]
[www.branah.com/images/pashto.png]
[www.branah.com/comments8771.html]
[www.branah.com/pashto.html]
[www.branah.com/images/polish.png]
[www.branah.com/comments1d90.html]
[www.branah.com/polish.html]
[www.branah.com/images/portuguese.png]
[www.branah.com/comments58a4.html]
[www.branah.com/portuguese.html]
[www.branah.com/images/punjabi.png]
[www.branah.com/commentsf62c.html]
[www.branah.com/punjabi.html]
[www.branah.com/images/romanian.png]
[www.branah.com/commentsdd32.html]
[www.branah.com/romanian.html]
[www.branah.com/images/russian.png]
[www.branah.com/commentsd6ee.html]
[www.branah.com/russian.html]
[www.branah.com/comments1e9f.html]
[www.branah.com/santali.html]
[www.branah.com/commentsfdc1.html]
[www.branah.com/sindhi.html]
[www.branah.com/images/sinhala.png]
[www.branah.com/comments2487.html]
[www.branah.com/sinhala.html]
[www.branah.com/images/slovak.png]
[www.branah.com/comments4101.html]
[www.branah.com/slovak.html]
[www.branah.com/images/slovenian.png]
[www.branah.com/comments5543.html]
[www.branah.com/slovenian.html]
[www.branah.com/commentsd7ac.html]
[www.branah.com/sora.html]
[www.branah.com/images/spanish.png]
[www.branah.com/commentsf8d9.html]
[www.branah.com/spanish.html]
[www.branah.com/comments3b58.html]
[www.branah.com/sundanese.html]
[www.branah.com/images/swedish.png]
[www.branah.com/comments47c8.html]
[www.branah.com/swedish.html]
[www.branah.com/images/syriac.png]
[www.branah.com/comments487c.html]
[www.branah.com/syriac.html]
[www.branah.com/comments7201.html]
[www.branah.com/tagalog.html]
[www.branah.com/commentsee80.html]
[www.branah.com/tajik.html]
[www.branah.com/comments3822.html]
[www.branah.com/tamazight.html]
[www.branah.com/images/tamil.png]
[www.branah.com/comments57fd.html]
[www.branah.com/tamil.html]
[www.branah.com/comments2e5f.html]
[www.branah.com/tatar.html]
[www.branah.com/images/telugu.png]
[www.branah.com/commentsf2d5.html]
[www.branah.com/telugu.html]
[www.branah.com/images/thai.png]
[www.branah.com/comments865c.html]
[www.branah.com/thai.html]
[www.branah.com/images/tibetan.png]
[www.branah.com/commentsf219.html]
[www.branah.com/tibetan.html]
[www.branah.com/images/turkish.png]
[www.branah.com/comments9045.html]
[www.branah.com/turkish.html]
[www.branah.com/comments4a00.html]
[www.branah.com/ukrainian.html]
[www.branah.com/images/urdu.png]
[www.branah.com/comments3d47.html]
[www.branah.com/urdu.html]
[www.branah.com/comments5c87.html]
[www.branah.com/uyghur.html]
[www.branah.com/images/uzbek.png]
[www.branah.com/commentse387.html]
[www.branah.com/uzbek.html]
[www.branah.com/images/vietnamese.png]
[www.branah.com/comments2ba0.html]
[www.branah.com/vietnamese.html]
[www.branah.com/commentsbcfa.html]
[www.branah.com/wolof.html]
[www.branah.com/commentsb596.html]
[www.branah.com/yoruba.html]
[www.branah.com/comments2a3b.html]
[www.branah.com/commentsc262.html]
[www.branah.com/image-to-text.html]
[www.branah.com/comments09c9.html]
[www.branah.com/braille-translator.html]
[www.branah.com/images/sprite.gif]
[www.branah.com/commentsbd2a.html]
[www.branah.com/unicode-table.html]
[www.branah.com/comments9b7b.html]
[www.branah.com/ascii-converter.html]
[www.branah.com/comments5f43.html]
[www.branah.com/unicode-converter.html]
[www.branah.com/commentsd4ea.html]
[www.branah.com/character-encoding.html]
[www.branah.com/commentsba37.html]
[www.branah.com/script/jscolor.js]
[www.branah.com/text-to-image.html]
[www.branah.com/script/html2canvas-1.0.0-alpha.12.js]
[www.branah.com/comments72cc.html]
[www.branah.com/upsidedown.html]
[www.branah.com/comments47e0.html]
[www.branah.com/enclosed.html]
[www.branah.com/comments.html]
[connect.facebook.net/en_US/sdk.js]
[www.branah.com/comments2eb5.html]
[www.branah.com/commentsd53b.html]
[www.branah.com/commentsc61c.html]
[www.branah.com/commentsfe2f.html]
[www.branah.com/comments32a9.html]
[www.branah.com/arabic-to-latin.html]
[www.branah.com/comments8253.html]
[www.branah.com/comments2566.html]
[www.branah.com/commentsce89.html]
[www.branah.com/comments7e95.html]
[www.branah.com/comments0a20.html]
[www.branah.com/comments81d0.html]
[www.branah.com/comments015d.html]
[www.branah.com/comments0d3a.html]
[www.branah.com/comments7d40.html]
[www.branah.com/comments62a6.html]
[www.branah.com/comments1522.html]
[www.branah.com/cyrillic-to-latin.html]
[www.branah.com/comments0eef.html]
[www.branah.com/commentsbef0.html]
[www.branah.com/cantonese-to-jyutping.html]
[www.branah.com/comments2c84.html]
[www.branah.com/comments8e08.html]
[www.branah.com/comments4031.html]
[www.branah.com/chinese-to-pinyin.html]
[www.branah.com/commentsc292.html]
[www.branah.com/comments715a.html]
[www.branah.com/comments6e84.html]
[www.branah.com/commentsda57.html]
[www.branah.com/comments4fa7.html]
[www.branah.com/comments56a3.html]
[www.branah.com/comments0977.html]
[www.branah.com/commentsa4ff.html]
[www.branah.com/comments019a.html]
[www.branah.com/comments24f6.html]
[www.branah.com/comments16c3.html]
[www.branah.com/comments8a2e.html]
[www.branah.com/comments379c.html]
[www.branah.com/comments0a42.html]
[www.branah.com/commentsd71c.html]
[www.branah.com/comments2af6.html]
[www.branah.com/comments55ae.html]
[www.branah.com/comments3e7e.html]
[www.branah.com/comments86b0.html]
[www.branah.com/comments9577.html]
[www.branah.com/comments05ab.html]
[www.branah.com/devanagari-to-latin.html]
[www.branah.com/commentsefba.html]
[www.branah.com/comments05fd.html]
[www.branah.com/commentse6bd.html]
[www.branah.com/commentsa2bc.html]
[www.branah.com/commentsfc15.html]
[www.branah.com/commentsb915.html]
[www.branah.com/commentsf67a.html]
[www.branah.com/kanji-to-romaji.html]
[www.branah.com/comments2475.html]
[www.branah.com/comments0314.html]
[www.branah.com/comments0ad4.html]
[www.branah.com/commentsfb6a.html]
[www.branah.com/comments946e.html]
[www.branah.com/comments970f.html]
[www.branah.com/comments5f3a.html]
[www.branah.com/hanja-to-hangeul.html]
[www.branah.com/comments9ed8.html]
[www.branah.com/korean-to-latin.html]
[www.branah.com/commentsfbab.html]
[www.branah.com/comments08de.html]
[www.branah.com/comments8e15.html]
[www.branah.com/comments999c.html]
[www.branah.com/commentscae6.html]
[www.branah.com/commentsb09e.html]
[www.branah.com/commentsfb7b.html]
[www.branah.com/comments8d75.html]
[www.branah.com/comments0b42.html]
[www.branah.com/commentscac2.html]
[www.branah.com/commentsd85e.html]
[www.branah.com/comments6699.html]
[www.branah.com/comments3be9.html]
[www.branah.com/commentse2a1.html]
[www.branah.com/commentsf6c5.html]
[www.branah.com/commentsa893.html]
[www.branah.com/comments8771.html]
[www.branah.com/comments1d90.html]
[www.branah.com/comments58a4.html]
[www.branah.com/commentsf62c.html]
[www.branah.com/commentsdd32.html]
[www.branah.com/commentsd6ee.html]
[www.branah.com/comments1e9f.html]
[www.branah.com/commentsfdc1.html]
[www.branah.com/comments2487.html]
[www.branah.com/comments4101.html]
[www.branah.com/comments5543.html]
[www.branah.com/commentsd7ac.html]
[www.branah.com/commentsf8d9.html]
[www.branah.com/comments3b58.html]
[www.branah.com/comments47c8.html]
[www.branah.com/comments487c.html]
[www.branah.com/images/tagalog.html]
[www.branah.com/comments7201.html]
[www.branah.com/commentsee80.html]
[www.branah.com/comments3822.html]
[www.branah.com/comments57fd.html]
[www.branah.com/comments2e5f.html]
[www.branah.com/commentsf2d5.html]
[www.branah.com/comments865c.html]
[www.branah.com/commentsf219.html]
[www.branah.com/comments9045.html]
[www.branah.com/comments4a00.html]
[www.branah.com/comments3d47.html]
[www.branah.com/comments5c87.html]
[www.branah.com/commentse387.html]
[www.branah.com/comments2ba0.html]
[www.branah.com/commentsbcfa.html]
[www.branah.com/commentsb596.html]
[www.branah.com/commentsc262.html]
[www.branah.com/comments09c9.html]
[www.branah.com/commentsbd2a.html]
[www.branah.com/comments9b7b.html]
[www.branah.com/comments5f43.html]
[www.branah.com/commentsd4ea.html]
[www.branah.com/commentsba37.html]
[www.branah.com/comments72cc.html]
[www.branah.com/comments47e0.html]
[www.branah.com/comments32a9.html]
[www.branah.com/comments1522.html]
[www.branah.com/commentsbef0.html]
[www.branah.com/comments4031.html]
[www.branah.com/comments05ab.html]
[www.branah.com/commentsf67a.html]
[www.branah.com/comments5f3a.html]
[www.branah.com/comments9ed8.html]
